<html>
<body>
<pre>
<h1>µVision Build Log</h1>
<h2>Tool Versions:</h2>
IDE-Version: µVision V5.33.0.0
Copyright (C) 2020 ARM Ltd and ARM Germany GmbH. All rights reserved.
License Information: Krzysztof Pokora AGH Flex license: MDK Professional 5.33 (Flex) (mdk_pro) Operation stops: 10 Sep 2023
 
Tool Versions:
Toolchain:       MDK Professional 5.33 (Flex)  Version: 5.33.0.0
Toolchain Path:  C:\Keil_v5\ARM\ARMCC\Bin
C Compiler:      Armcc.exe V5.06 update 7 (build 960)
Assembler:       Armasm.exe V5.06 update 7 (build 960)
Linker/Locator:  ArmLink.exe V5.06 update 7 (build 960)
Library Manager: ArmAr.exe V5.06 update 7 (build 960)
Hex Converter:   FromElf.exe V5.06 update 7 (build 960)
CPU DLL:         SARMCM3.DLL V5.33.0.0
Dialog DLL:      DCM.DLL V1.17.3.0
Target DLL:      STLink\ST-LINKIII-KEIL_SWO.dll V3.0.8.0
Dialog DLL:      TCM.DLL V1.48.0.0
 
<h2>Project:</h2>
D:\STUDIA\Magisterka\1 ROK\SwAW - Git\BikeSpeedo\Predkosciomierz_rowerowy\MDK-ARM\Predkosciomierz_rowerowy.uvprojx
Project File Date:  05/06/2021

<h2>Output:</h2>
*** Using Compiler 'V5.06 update 7 (build 960)', folder: 'C:\Keil_v5\ARM\ARMCC\Bin'
Rebuild target 'Predkosciomierz_rowerowy'
compiling font12.c...
compiling font8.c...
assembling startup_stm32f446xx.s...
compiling font20.c...
compiling font16.c...
compiling font24.c...
compiling LCD_GUI.c...
compiling LCD_Touch.c...
..\Core\Src\LCD_Touch.c(334): warning:  #223-D: function "abs" declared implicitly
                  Dx = abs((int16_t)(XYpoint_Arr[0][0] -
..\Core\Src\LCD_Touch.c(340): warning:  #223-D: function "sqrt" declared implicitly
                  Sqrt1 = sqrt(Dx + Dy);
..\Core\Src\LCD_Touch.c(351): warning:  #1035-D: single-precision operand implicitly converted to double-precision
                  if(Dsqrt < 0.95 || Dsqrt > 1.05 || Sqrt1 == 0 || Sqrt2 == 0) {
..\Core\Src\LCD_Touch.c(351): warning:  #1035-D: single-precision operand implicitly converted to double-precision
                  if(Dsqrt < 0.95 || Dsqrt > 1.05 || Sqrt1 == 0 || Sqrt2 == 0) {
..\Core\Src\LCD_Touch.c(384): warning:  #1035-D: single-precision operand implicitly converted to double-precision
                  if(Dsqrt < 0.95 || Dsqrt > 1.05) {
..\Core\Src\LCD_Touch.c(384): warning:  #1035-D: single-precision operand implicitly converted to double-precision
                  if(Dsqrt < 0.95 || Dsqrt > 1.05) {
..\Core\Src\LCD_Touch.c(417): warning:  #1035-D: single-precision operand implicitly converted to double-precision
                  if(Dsqrt < 0.95 || Dsqrt > 1.05) {
..\Core\Src\LCD_Touch.c(417): warning:  #1035-D: single-precision operand implicitly converted to double-precision
                  if(Dsqrt < 0.95 || Dsqrt > 1.05) {
..\Core\Src\LCD_Touch.c: 8 warnings, 0 errors
compiling spi.c...
compiling DEV_Config.c...
..\Core\Src\DEV_Config.c(51): warning:  #940-D: missing return statement at end of non-void function "SPI4W_Write_Byte" 
  }
..\Core\Src\DEV_Config.c: 1 warning, 0 errors
compiling LCD_Driver.c...
compiling main.c...
../Core/Inc/BikeSpeedo.h(9): warning:  #1295-D: Deprecated declaration Update_Config - give arg types
  void Update_Config();
../Core/Src/main.c: 1 warning, 0 errors
compiling gpio.c...
compiling usart.c...
compiling stm32f4xx_hal_msp.c...
compiling stm32f4xx_it.c...
compiling tim.c...
compiling BikeSpeedo.c...
../Core/Inc/BikeSpeedo.h(9): warning:  #1295-D: Deprecated declaration Update_Config - give arg types
  void Update_Config();
..\Core\Src\BikeSpeedo.c(241): warning:  #1035-D: single-precision operand implicitly converted to double-precision
  				divider = divider * 10.0;
..\Core\Src\BikeSpeedo.c(269): warning:  #1035-D: single-precision operand implicitly converted to double-precision
  	if(size_circle != 0.0) 
..\Core\Src\BikeSpeedo.c(308): warning:  #1035-D: single-precision operand implicitly converted to double-precision
  	speed = ((size_circle * 0.0254 * 3.14)/((float)time/1000.0))*3.6;//km/h
..\Core\Src\BikeSpeedo.c(308): warning:  #1035-D: single-precision operand implicitly converted to double-precision
  	speed = ((size_circle * 0.0254 * 3.14)/((float)time/1000.0))*3.6;//km/h
..\Core\Src\BikeSpeedo.c: 5 warnings, 0 errors
compiling stm32f4xx_hal_rcc.c...
compiling stm32f4xx_hal_spi.c...
compiling stm32f4xx_hal_flash.c...
compiling stm32f4xx_hal_flash_ex.c...
compiling stm32f4xx_hal_rcc_ex.c...
compiling stm32f4xx_hal_dma.c...
compiling stm32f4xx_hal_flash_ramfunc.c...
compiling stm32f4xx_hal_gpio.c...
compiling stm32f4xx_hal_dma_ex.c...
compiling stm32f4xx_hal_cortex.c...
compiling stm32f4xx_hal_pwr_ex.c...
compiling stm32f4xx_hal_pwr.c...
compiling stm32f4xx_hal_exti.c...
compiling stm32f4xx_hal_tim_ex.c...
compiling stm32f4xx_hal.c...
compiling stm32f4xx_hal_tim.c...
compiling system_stm32f4xx.c...
compiling stm32f4xx_hal_uart.c...
linking...
Program Size: Code=19882 RO-data=14402 RW-data=96 ZI-data=1920  
FromELF: creating hex file...
"Predkosciomierz_rowerowy\Predkosciomierz_rowerowy.axf" - 0 Error(s), 15 Warning(s).

<h2>Software Packages used:</h2>

Package Vendor: ARM
                http://www.keil.com/pack/ARM.CMSIS.5.7.0.pack
                ARM.CMSIS.5.7.0
                CMSIS (Cortex Microcontroller Software Interface Standard)
   * Component: CORE Version: 5.4.0

Package Vendor: Keil
                http://www.keil.com/pack/Keil.STM32F4xx_DFP.2.15.0.pack
                Keil.STM32F4xx_DFP.2.15.0
                STMicroelectronics STM32F4 Series Device Support, Drivers and Examples

<h2>Collection of Component include folders:</h2>
  .\RTE\_Predkosciomierz_rowerowy
  C:\Users\krzys\AppData\Local\Arm\Packs\ARM\CMSIS\5.7.0\CMSIS\Core\Include
  C:\Users\krzys\AppData\Local\Arm\Packs\Keil\STM32F4xx_DFP\2.15.0\Drivers\CMSIS\Device\ST\STM32F4xx\Include

<h2>Collection of Component Files used:</h2>

   * Component: ARM::CMSIS:CORE:5.4.0
      Include file:  CMSIS\Core\Include\tz_context.h
Build Time Elapsed:  00:01:05
</pre>
</body>
</html>
